
  Address         Publics by Value

 0000:0000  Abs  __START_SYM
 0000:0010  Res  __ASTART
 0000:00BA  Res  __CINTDIV
 0000:00C9  Res  __AMSG_EXIT
 0000:00DE  Res  __CINIT
 0000:01A2  Res  _EXIT
 0000:01B9  Res  __EXIT
 0000:0200  Res  __CTERMSUB
 0000:0240  Res  __FPTRAP
 0000:0246  Res  __FF_MSGBANNER
 0000:026A  Res  __NULLCHECK
 0000:0290  Res  __NMSG_TEXT
 0000:02BB  Res  __NMSG_WRITE
 0000:02E6  Res  __SETENVP
 0000:0362  Res  __SETARGV
 0000:050A  Res  __AFLDIV
 0000:05A6  Res  __AFULMUL
 0000:05A6  Res  __AFLMUL
 0000:05DA  Res  __AFULREM
 0000:0646  Res  __AFULDIV
 0000:06BB  Res  __SLDS
 0000:06BF  Res  __ELDS
 0000:06DD  Res  __FLDS
 0000:0707  Res  __SLDD
 0000:070B  Res  __ELDD
 0000:072B  Res  __FLDD
 0000:075A  Res  __SLDT
 0000:0760  Res  __FLDT
 0000:0794  Res  __SLDL
 0000:0798  Res  __ELDL
 0000:07A1  Res  __SLDW
 0000:07A5  Res  __ELDW
 0000:07AB  Res  __FLDL
 0000:07B2  Res  __FLDW
 0000:07B4  Res  B$FIL2
 0000:07B5  Res  B$FILD
 0000:0809  Res  __FDUP
 0000:0838  Res  __FLDZ
 0000:085E  Res  __SSTS
 0000:0862  Res  __FSTS
 0000:0866  Res  __ESTS
 0000:0876  Res  __SSTSP
 0000:087A  Res  __FSTSP
 0000:087E  Res  __ESTSP
 0000:08AC  Res  __SSTD
 0000:08B0  Res  __FSTD
 0000:08B4  Res  __ESTD
 0000:08C4  Res  __SSTDP
 0000:08C8  Res  __FSTDP
 0000:08CC  Res  __ESTDP
 0000:08F5  Res  __SSTT
 0000:08F9  Res  __FSTT
 0000:090C  Res  __SSTTP
 0000:0910  Res  __FSTTP
 0000:0933  Res  B$FIS2
 0000:093B  Res  B$FIST
 0000:0943  Res  B$FUST
 0000:097B  Res  __FTOL
 0000:09B4  Res  __FTST
 0000:09E1  Res  __FABS
 0000:09F0  Res  __FCHS
 0000:0A28  Res  __SSUBS
 0000:0A30  Res  __ESUBS
 0000:0A37  Res  __FSUBS
 0000:0A40  Res  __SSUBSR
 0000:0A48  Res  __ESUBSR
 0000:0A4F  Res  __FSUBSR
 0000:0A58  Res  __SMULS
 0000:0A60  Res  __EMULS
 0000:0A67  Res  __FMULS
 0000:0A70  Res  __SDIVS
 0000:0A78  Res  __EDIVS
 0000:0A7F  Res  __FDIVS
 0000:0A88  Res  __SDIVSR
 0000:0A90  Res  __EDIVSR
 0000:0A97  Res  __FDIVSR
 0000:0AA0  Res  __SADDS
 0000:0AA8  Res  __EADDS
 0000:0AAF  Res  __FADDS
 0000:0AE7  Res  __SSUBD
 0000:0AEF  Res  __ESUBD
 0000:0AF6  Res  __FSUBD
 0000:0AFF  Res  __SSUBDR
 0000:0B07  Res  __ESUBDR
 0000:0B0E  Res  __FSUBDR
 0000:0B17  Res  __SMULD
 0000:0B1F  Res  __EMULD
 0000:0B26  Res  __FMULD
 0000:0B2F  Res  __SDIVD
 0000:0B37  Res  __EDIVD
 0000:0B3E  Res  __FDIVD
 0000:0B47  Res  __SDIVDR
 0000:0B4F  Res  __EDIVDR
 0000:0B56  Res  __FDIVDR
 0000:0B5F  Res  __SADDD
 0000:0B67  Res  __EADDD
 0000:0B6E  Res  __FADDD
 0000:0B8D  Res  __FSUB
 0000:0B92  Res  __FSUBR
 0000:0B97  Res  __FMUL
 0000:0B9C  Res  __FDIV
 0000:0BA1  Res  __FDIVR
 0000:0BA6  Res  __FADD
 0000:0BAB  Res  __FCOMPP
 0000:0BAB  Res  B$FCMP
 0000:0BB0  Res  __FCMP
 0000:0C3E  Res  __FXCHQ
 0000:0C4C  Res  __FXCH
 0000:0C72  Res  __DCVT
 0000:0C8A  Res  $I8_ERRMINF
 0000:0C8A  Res  $I4_ERRMINF
 0000:0C8A  Res  $I8_ERRPINF
 0000:0C8A  Res  $I8_ERRINF
 0000:0C8A  Res  $I4_ERRPINF
 0000:0C8A  Res  $I4_ERRINF
 0000:0C94  Res  $I4_ERRDIV0
 0000:0C94  Res  $I8_ERRDIV0
 0000:0C9E  Res  $I4_ERRINVLD
 0000:0C9E  Res  $I8_ERRINVLD
 0000:0CA8  Res  $I8_ERRSTACK
 0000:0CBB  Res  __FPSIGNAL
 0000:0CF8  Res  __FPMATH
 0000:0D26  Res  __SMOVTMPESBX
 0000:0D28  Res  __SMOVTMPESSI
 0000:0D3C  Res  __DMOVTMPESBX
 0000:0D3E  Res  __DMOVTMPESSI
 0000:0D54  Res  __DCVTST0
 0000:0D60  Res  __DCVTST0A
 0000:0D63  Res  __DCVTDISI
 0000:0DA2  Res  __CTRANDISP2
 0000:0DBA  Res  __CTRANDISP1
 0000:0EA6  Res  $I4_CMP
 0000:0EF9  Res  $I8_CMP
 0000:0F4B  Res  $I8_4
 0000:0F8C  Res  $I4_8
 0000:100E  Res  $I4_W
 0000:1010  Res  $I4_Q
 0000:1018  Res  $I4_S
 0000:1024  Res  $I4_L
 0000:103E  Res  $I8_W
 0000:1040  Res  $I8_Q
 0000:1048  Res  $I8_S
 0000:1054  Res  $I8_L
 0000:1073  Res  $I4_TO_S
 0000:1078  Res  $I4_TO_SIRND
 0000:1078  Res  $I4_TO_SRND
 0000:107D  Res  $I8_TO_S
 0000:1082  Res  $I8_TO_SRND
 0000:1082  Res  $I8_TO_SIRND
 0000:108F  Res  $I4_TO_W
 0000:1094  Res  $I4_TO_WRND
 0000:1094  Res  $I4_TO_WIRND
 0000:1099  Res  $I8_TO_W
 0000:109E  Res  $I8_TO_WRND
 0000:109E  Res  $I8_TO_WIRND
 0000:10A6  Res  $I4_TO_LIRND
 0000:10A6  Res  $I4_TO_LRND
 0000:10AB  Res  $I8_TO_LIRND
 0000:10AB  Res  $I8_TO_LRND
 0000:10B0  Res  $I4_TO_L
 0000:10B5  Res  $I8_TO_L
 0000:10D5  Res  $I4_TO_QRND
 0000:10D5  Res  $I4_TO_QIRND
 0000:10DA  Res  $I8_TO_QRND
 0000:10DA  Res  $I8_TO_QIRND
 0000:10F9  Res  $I8_TO_Q
 0000:112E  Res  $I4_TO_Q
 0000:11AA  Res  $I8_FIXRND
 0000:11AA  Res  $I8_FIXIRND
 0000:11D0  Res  $I4_FIXRND
 0000:11D0  Res  $I4_FIXIRND
 0000:11F4  Res  $I8_FIX
 0000:1204  Res  $I4_FIX
 0000:131E  Res  $I4_SUBREV
 0000:1320  Res  $I4_SUB
 0000:1328  Res  $I4_ADD
 0000:13FA  Res  $I4_NORM
 0000:1428  Res  $I4_ROUND
 0000:148A  Res  $I4_MUL
 0000:150E  Res  $I4_DIVREV
 0000:1510  Res  $I4_DIV
 0000:1618  Res  $I8_SUBREV
 0000:161A  Res  $I8_SUB
 0000:163D  Res  $I8_ADD
 0000:1770  Res  $I8_NORM
 0000:17C6  Res  $I8_ROUND
 0000:1844  Res  $I8_MUL
 0000:18A5  Res  $I8_DIVREV
 0000:18A7  Res  $I8_DIV
 0000:1BD9  Res  $I8_LGT
 0000:1BEF  Res  $I8_LOG
 0000:1CA6  Res  $I8_EXP
 0000:1CBA  Res  $I8_EXPADJUST
 0000:1CF5  Res  $I8_PF_PWR
 0000:1D0C  Res  $I8_C_PWR
 0000:1D10  Res  $I8_PWR
 0000:1E0A  Res  $I8_PWR_L
 0000:1E0A  Res  $I8_PF_PWR_L
 0000:1EA0  Res  $I8_SQR
 0000:1F5E  Res  $I8_ADDF
 0000:1F62  Res  $I8_ADDFSI
 0000:1F68  Res  $I8_SUBF
 0000:1F6C  Res  $I8_SUBFSI
 0000:1F72  Res  $I8_MULF
 0000:1F76  Res  $I8_MULFSI
 0000:1F7C  Res  $I8_DIVF
 0000:1F80  Res  $I8_DIVFSI
 0000:1F86  Res  $I8_SUBR
 0000:1F8A  Res  $I8_SUBRDI
 0000:1F90  Res  $I8_DIVR
 0000:1F94  Res  $I8_DIVRDI
 0000:1F9A  Res  $I8_CLEARAC
 0000:1FAA  Res  $I8_MOVAC
 0000:1FB3  Res  $I8_MOVAC_ARG
 0000:1FC3  Res  $I8_MOVARG_AC
 0000:1FC7  Res  $I8_MOVARG
 0000:1FD2  Res  $I8_MOVTEMP
 0000:1FDD  Res  $I8_PSHARG
 0000:1FE2  Res  $I8_PSHAC
 0000:1FE6  Res  $I8_PSHSI
 0000:1FF4  Res  $I8_POPARG
 0000:1FF9  Res  $I8_POPAC
 0000:1FFD  Res  $I8_POPSI
 0000:200B  Res  $I8_POLY
 0000:2050  Res  $I8_EVEN
 0000:2086  Res  $I8_EXPM1
 0000:2097  Res  $I8_EXPM1REDUCED
 0000:20C7  Res  $I8_LNREDUCEAC_HI
 0000:20CD  Res  $I8_LNREDUCE
 0000:20DC  Res  $I8_RETONE
 0000:20E6  Res  $I8_RETZERO
 0000:20FD  Res  $I8_OVERFLOWRANGE
 0000:2102  Res  $I8_EXPHRANGE
 0000:210A  Res  $I8_EXPRANGE
 0000:2110  Res  $I8_RANGE
 0000:2134  Res  $I8_P_Q
 0000:216A  Res  $I8_Z2P_Q
 0000:217B  Res  $I8_Z3P_Q
 0000:2184  Res  $I8_REDUCE
 0000:21A0  Res  $I8_TMUL
 0000:2306  Res  $I8_TPWR10
 0000:2376  Res  $I8_INPUT
 0000:26C2  Res  $I8_OUTPUT
 0000:27C2  Res  _FLOOR
 0000:27D2  Res  _CEIL
 0000:2838  Res  _FMOD
 0000:2893  Res  _POW
 0000:289C  Res  _LOG
 0000:28A5  Res  _LOG10
 0000:28AE  Res  _EXP
 0000:28B7  Res  _SQRT
 0000:28C0  Res  __MYALLOC
 0000:2902  Res  __WRT2ERR
 0000:2911  Res  _MATHERR
 0000:291F  Res  __DVINIT
 0000:2948  Res  __DVADD
 0000:298F  Res  __DVSUB
 0000:29D6  Res  __DVMUL
 0000:2A1D  Res  __DVDIV
 0000:2A64  Res  __DVTOQ
 0000:2A7F  Res  __DVTOI
 0000:2A9A  Res  __DVTOL
 0000:2AB5  Res  __DVFMQ
 0000:2AFD  Res  __DVFMI
 0000:2B37  Res  __DVFML
 0000:2B72  Res  __DVFMA
 0000:2BEC  Res  __NTOA
 0000:2CEE  Res  __ATON
 0000:2D44  Res  __LNTOA
 0000:2DE3  Res  __CFLTCVT
 0000:2DE4  Res  __CROPZEROS
 0000:2DE5  Res  __FASSIGN
 0000:2DE6  Res  __FORCDECPT
 0000:2DE7  Res  __POSITIVE
 0000:2DE8  Res  __CFTOE
 0000:2DE9  Res  __CFTOF
 0000:2DEA  Res  __CFTOG
 0000:2DEC  Res  __TERMHOOK
 0000:2DFE  Res  __GTHOOK
 0000:2E10  Res  __AFLSHR
 0000:2E1C  Res  __DYNXHOOK
 0000:2E2E  Res  __DISKIOHOOK
 02E4:0000  Res  __PTOABSADDR
 02E4:0021  Res  _STRCPY
 02E4:0043  Res  _STCCPY
 02E4:006C  Res  _STRNCPY
 02E4:0095  Res  __BSET
 02E4:00B8  Res  __BMOVE
 02E4:010D  Res  __BCOPY
 02E4:012B  Res  __BCOPYF
 02E4:015A  Res  __LCOPY
 02E4:0178  Res  __BCMP
 02E4:01A0  Res  __BSCAN
 02E4:01C4  Res  __U2HEX
 02E4:01F3  Res  _STRCAT
 02E4:021D  Res  _STPCHR
 02E4:024A  Res  _STPBLK
 02E4:0271  Res  _STRLEN
 02E4:028D  Res  __DOSFUNC
 02E4:02BF  Res  __ASMCALL
 0312:003B  Res  __TINIT
 0312:0089  Res  __TEND
 0312:00D1  Res  __FSCREATE
 0312:00FE  Res  __TCTEMP
 0312:018F  Res  __FSOPEN
 0312:01C0  Res  __FSCLOSE
 0312:01E2  Res  __FSREAD
 0312:020F  Res  __FSWRITE
 0312:023C  Res  __FSSEEK
 0312:0275  Res  __FSLOCK
 0312:02B4  Res  __TMNAME
 0312:02EA  Res  __FSDELETE
 0312:030E  Res  __FSRENAME
 0312:0335  Res  __THCOUNT
 0312:0379  Res  __FSCOMMIT
 0312:0393  Res  __FSERROR
 0312:03B8  Res  __TISDEVICE
 0312:03D7  Res  __TDEVRAW
 0312:0413  Res  __F_FIRST
 0312:0438  Res  __F_NEXT
 0312:0453  Res  __DSPACE
 0312:0477  Res  __TMKDIR
 0312:04A4  Res  __TRMDIR
 0312:04D1  Res  __TCHDIR
 0312:04FE  Res  __TCURDRV
 0312:051A  Res  __TCHDRV
 0312:0545  Res  __TISDRV
 0312:0569  Res  __TCURDIR
 036C:0110  Res  __DDMYTODATE
 036C:01F2  Res  __DDATETODMYD
 036C:0328  Res  __DSYSDATE
 036C:034C  Res  __DALPHATODATEFMT
 036C:045E  Res  __DALPHATODATEDBF
 036C:0518  Res  __DDATETOALPHAFMT
 036C:060E  Res  __DDATETOALPHADBF
 036C:069A  Res  __DSETFMT
 036C:0850  Res  __DSETEPOCH
 03F2:000A  Res  __OSDATE
 03F2:0031  Res  __OSTIME
 03F7:0092  Res  __SCAN_FILENAME
 03F7:01C4  Res  __TXOPEN
 03F7:086A  Res  FILE
 03F7:0898  Res  __FSEXTOPEN
 0489:0000  Res  __GETENV
 0496:0004  Res  __DVLT
 0496:002C  Res  __DVLE
 0496:0054  Res  __DVEQ
 0496:007C  Res  __DVGE
 0496:00A4  Res  __DVGT
 0496:00CC  Res  __DVNE
 0496:00F4  Res  __DVLTZ
 0496:011C  Res  __DVEQZ
 0496:0144  Res  __DVMOD
 0496:018E  Res  __DVNEG
 0496:01BE  Res  __DVABS
 0496:0210  Res  __DVINC
 0496:0244  Res  __DVDEC
 0496:0278  Res  __DVINT
 0496:02E2  Res  __DVPOW
 0496:032C  Res  __DVLOG
 0496:036A  Res  __DVSQR
 0496:03A8  Res  __DVEXP
 0496:03E6  Res  __DVRND
 04E8:0000  Res  __SQU
 04E8:0029  Res  __AWK
 04EB:0004  Res  __SYSLEVEL
 04EB:0008  Res  __SYSEXIT
 04EB:00A0  Res  __SYSRESUME
 04EB:00D0  Res  __SYSSUSPEND
 04EB:0102  Res  __SYSINIT
 04EB:0224  Res  __SYSPOSTARGS
 04EB:023C  Res  __SYSERRORLEVEL
 04EB:0240  Res  ERRORLEVEL
 04EB:026E  Res  __QUIT
 0512:00E8  Res  __APPINITREGISTER
 0512:026E  Res  __APPMAIN
 0546:0058  Res  __APPEXITREGISTER
 0546:00F0  Res  __APPEXIT
 055C:000C  Res  __SYSHARDINIT
 055F:000C  Res  _TERM
 055F:003A  Res  _MAIN
 0567:0180  Res  __UPREFP
 0567:0224  Res  __UPREF
 058F:0363  Res  __EVLOW
 058F:0363  Res  __EVEENTRY
 05CC:0564  Res  __EVSENDSTRUCT
 05CC:061E  Res  __EVSENDID
 05CC:0634  Res  __EVPOSTSTRUCT
 05CC:0654  Res  __EVPOSTID
 05CC:0682  Res  __EVREGRECEIVERFUNC
 05CC:07B4  Res  __EVDEREGRECEIVER
 05CC:07E2  Res  __SYSREGLOW
 05CC:07FA  Res  __EVREGTYPE
 05CC:080C  Res  __EVSEND
 05CC:0812  Res  __EVPOST
 05CC:0862  Res  __EVMODALREAD
 05CC:0926  Res  __EVTRANSLATE
 05CC:0970  Res  __EVBREAKENABLE
 05CC:09A6  Res  __EVSCROLLPAUSE
 05CC:09FC  Res  __EVSTROBE
 05CC:0A20  Res  __BREAK_CYCLE
 05CC:0AD0  Res  SETCANCEL
 05CC:0B90  Res  ALTD
 05CC:0DE2  Res  __EVENT_INIT
 06B3:00C8  Res  __DYNFREEMODULE
 06B3:01E8  Res  __DYNGETORDADDR
 06B3:0284  Res  __DYNGETNAMEDADDR
 06B3:0356  Res  __DYNLOADMODULE
 06B3:0422  Res  __DYNINIT
 06B3:0432  Res  __DYNINI
 06F8:000C  Res  _DMOD_COUNT
 06F8:0021  Res  _DINIT_INIT
 06FC:000E  Res  __WEED_EATR
 06FC:003C  Res  __START_PROC
 0702:032C  Res  _WEED_DIGESTR
 0702:0356  Res  __GET_SYM
 0702:0422  Res  __CHK_SYM
 0702:0486  Res  __CHK_SYM2
 0702:05A0  Res  __SYM_SEARCH
 0702:05EC  Res  __NEXT_SYM
 0702:0672  Res  __SYM_INIT
 0773:03B0  Res  _ARRAYNEW
 0773:04DA  Res  _BLOCKNEW
 0773:0590  Res  _BYTESNEW
 0773:078E  Res  __OCOPY
 0773:1AEA  Res  __XCHECK
 0773:1AF8  Res  __OSCAVENGEALL
 0773:1B4C  Res  __OESTIMATE
 0773:1B58  Res  __IARRAYAT
 0773:1BDA  Res  __CAT
 0773:1CF6  Res  __CATPUT
 0773:1ED4  Res  __IARRAYPUT
 0773:1F00  Res  __IARRAYC2
 0773:1FF2  Res  _VARRAY
 0773:2034  Res  _VARRAYX
 0773:2088  Res  _VARRAYLEN
 0773:20CA  Res  __VDICT
 0773:211A  Res  __VSETDICT
 0000:9876  Abs  __ACRTMSG
 0000:9876  Abs  __ACRTUSED
 0000:9876  Abs  __FLTUSED
 0773:2186  Res  _VSTR
 0773:21DC  Res  _VSTRX
 0773:2230  Res  _VSTR2
 0773:2302  Res  _VSTRLOCK
 0773:236C  Res  _VSTRUNLOCK
 0773:23C0  Res  _VSTRCOLD
 0773:2418  Res  _BYTESNEW2
 0773:2438  Res  _OSTRDUP
 0773:24F0  Res  __CATAT
 0773:2564  Res  __CATPUTSTR
 0773:26F2  Res  __IMAKEA
 0773:2758  Res  __IMAKELA
 0773:2814  Res  ARRAY
 0773:28B2  Res  _CSCANCHECK
 0773:294A  Res  __CCOPY
 0773:29C8  Res  __CBECOME
 0773:2BE8  Res  __CRESIZE
 0773:2E96  Res  ASIZE
 0773:2EFA  Res  __AADD
 0773:2F64  Res  __XUNLOCK
 0773:2FB6  Res  __XXLOCK
 0773:31D4  Res  __OM_INIT
 0A9B:0004  Res  __FIXLEN
 0A9B:012A  Res  __SPTOQ
 0A9B:015C  Res  __SPTOL
 0A9B:0192  Res  __PUTQ
 0A9B:01B4  Res  __PUTL
 0A9B:01D0  Res  __PUTLN
 0A9B:01F4  Res  __PUTCL
 0A9B:0230  Res  __PUTC
 0A9B:0264  Res  __PUTSYM
 0A9B:0282  Res  __PARAM
 0A9B:02F6  Res  __LPARAM
 0A9B:0354  Res  __ISAVERET
 0A9B:0374  Res  __RETL
 0A9B:038C  Res  __RETQ
 0A9B:03AA  Res  __RETC
 0A9B:09EA  Res  __IMVCLEAN
 0A9B:0A8C  Res  __IMVWIPE
 0A9B:0B74  Res  __IGETM
 0A9B:0BD8  Res  __XPUSHM
 0A9B:0C16  Res  __XPOPM
 0A9B:0C7E  Res  __IPUBLICS
 0A9B:0C92  Res  __QQPUB
 0A9B:0CBC  Res  __IPRIVATES
 0A9B:0CD2  Res  __IPARAMS
 0A9B:0DBE  Res  __IPUSHM
 0A9B:0E26  Res  __CALLERPOPM
 0A9B:0F60  Res  __IPOPM
 0A9B:0FAE  Res  __IPUSHMR
 0A9B:1078  Res  __IPUSHLR
 0A9B:10E0  Res  __IPUSHFLR
 0A9B:1148  Res  __IPUSHSR
 0A9B:11B0  Res  __ISINIT
 0A9B:1210  Res  __ISFRAME
 0A9B:1222  Res  __GETGRIP
 0A9B:1280  Res  __DROPGRIP
 0A9B:1298  Res  __IPUSHBLOCK
 0A9B:13B0  Res  __IZZBLOCK
 0A9B:1500  Res  __IXBLOCK
 0A9B:1748  Res  __IZZACT
 0A9B:1888  Res  __CEVAL0
 0A9B:18B2  Res  __CEVAL1
 0A9B:18E8  Res  __ACTINFO
 0A9B:1942  Res  __ACTCOUNT
 0A9B:19DA  Res  __STACK_EXIT
 0A9B:1A7E  Res  __STACK_INIT
 0C50:000E  Res  __XPUSHF
 0C50:0194  Res  __XPOPF
 0C50:0200  Res  __IPUSHV
 0C50:028E  Res  __IPUSHF
 0C50:0308  Res  __IPOPF
 0C50:0382  Res  __IPUSHQF
 0C50:0408  Res  __IPOPQF
 0C50:048E  Res  __FCHECK
 0C9E:0274  Res  __STORCLEN
 0C9E:036A  Res  __STORC
 0C9E:03A8  Res  __PARINFO
 0C9E:03FE  Res  __PARINFA
 0C9E:0516  Res  __PARCPEEK
 0C9E:0562  Res  __PARC
 0C9E:05FE  Res  __PARCSIZ
 0C9E:0642  Res  __PARCLEN
 0C9E:066C  Res  __PARNI
 0C9E:06B4  Res  __PARNL
 0C9E:0700  Res  __PARND
 0C9E:0764  Res  __PARL
 0C9E:077A  Res  __PARDS
 0C9E:07A6  Res  __STORND
 0C9E:07E0  Res  __STORNL
 0C9E:0800  Res  __STORNI
 0C9E:0820  Res  __STORL
 0C9E:083C  Res  __STORDS
 0C9E:0876  Res  __RETCLEN
 0C9E:08A8  Res  __RETNI
 0C9E:08CA  Res  __RETNL
 0C9E:08EE  Res  __RETND
 0C9E:0916  Res  __RETDS
 0C9E:094A  Res  __RET
 0C9E:094C  Res  __RETA
 0C9E:095A  Res  __EXMGRAB
 0C9E:096A  Res  __EXMBACK
 0D35:0068  Res  __ICALL
 0D51:02B4  Res  __MDCREATE
 0D51:03B8  Res  __MDADD
 0D51:050E  Res  __MDASSOCIATE
 0D51:0528  Res  __CLASSNEW
 0D51:05B0  Res  __CLASSADD
 0D51:065A  Res  __CLASSNAM
 0D51:06C2  Res  __CLASSSEL
 0D51:07CC  Res  __CLASSINS
 0D51:09E0  Res  __ISENDP
 0DFF:0000  Res  __TBNAME
 0DFF:0072  Res  PROCNAME
 0DFF:00AA  Res  PROCLINE
 0DFF:00E0  Res  PROCFILE
 0E0D:000E  Res  __SETSTRUCT
 0E0D:018A  Res  SET
 0E6D:00FE  Res  __STRMINUS
 0E6D:01F4  Res  __MIN
 0E6D:02CA  Res  __MAX
 0E6D:03A4  Res  __MODULUS
 0E6D:0470  Res  __INT
 0E6D:0532  Res  __ROUND
 0E6D:05C6  Res  __EXPON
 0E6D:0706  Res  __LOGQ
 0E6D:0712  Res  __QEXP
 0E6D:071E  Res  __QSQRT
 0E6D:072A  Res  __CHR
 0E6D:0778  Res  __SPACE
 0E6D:0802  Res  __SUB3
 0E6D:094A  Res  __SUB2
 0E6D:0A36  Res  __LEFT
 0E6D:0ADA  Res  __STR3
 0E6D:0BEA  Res  __STR2
 0E6D:0CB2  Res  __STR1
 0E6D:0D66  Res  __TRIM
 0E6D:0DE2  Res  __LTRIM
 0E6D:0E70  Res  __UPPER
 0E6D:0ED2  Res  __LOWER
 0E6D:0F34  Res  __REPLICATE
 0E6D:105A  Res  __VAL
 0E6D:114C  Res  __LEN
 0E6D:1194  Res  __EMPTY
 0E6D:1276  Res  __AT
 0E6D:13B8  Res  __INSTR
 0E6D:14F0  Res  __ASC
 0E6D:1536  Res  __TIME
 0E6D:15DA  Res  __SECONDS
 0E6D:1696  Res  __DATE
 0E6D:16B6  Res  __DAY
 0E6D:1704  Res  __MONTH
 0E6D:1754  Res  __YEAR
 0E6D:17A4  Res  __DOW
 0E6D:17F4  Res  __CMONTH
 0E6D:1844  Res  __CDOW
 0E6D:1894  Res  __DTOC
 0E6D:18D6  Res  __CTOD
 0E6D:191C  Res  __DTOS
 0E6D:195E  Res  __WORD
 0E6D:199C  Res  __VALTYPE
 0E6D:1A38  Res  LEFT
 1011:002C  Res  __CREATEERRORDICT
 1036:0040  Res  _TB
 1036:0092  Res  __IERROR
 1036:0140  Res  __AFAIL
 1036:01D4  Res  __SODIUM
 1036:01E0  Res  __SALTY_DYN
 1036:0266  Res  __ECANCEL
 1036:02D2  Res  ERRORINHAN
 1036:0412  Res  __EGENCODE
 1036:0426  Res  __ESEVERIT
 1036:043A  Res  __ECANRETR
 1036:0452  Res  __ECANDEFA
 1036:046A  Res  __ECANSUBS
 1036:0482  Res  __ETRIES
 1036:0496  Res  __EOSCODE
 1036:04AA  Res  __ESUBCODE
 1036:04BE  Res  __ESUBSYST
 1036:04CA  Res  __EDESCRIP
 1036:04D6  Res  __EOPERATI
 1036:04E2  Res  __EFILENAM
 1036:04EE  Res  __EPARAMS
 1036:04FA  Res  __ECARGO
 1036:0506  Res  __ESETGENC
 1036:05CE  Res  __ESETSUBC
 1036:0628  Res  __ESETOSCO
 1036:0682  Res  __ESETSEVE
 1036:06DC  Res  __ESETCAND
 1036:0720  Res  __ESETCANR
 1036:0764  Res  __ESETCANS
 1036:07A8  Res  __ESETTRIE
 1036:0802  Res  __ESETSUBS
 1036:0812  Res  __ESETOPER
 1036:0822  Res  __ESETDESC
 1036:0832  Res  __ESETFILE
 1036:0842  Res  __ESETPARA
 1036:0852  Res  __ESETCARG
 1036:0862  Res  ERRORNEW
 1036:0AFA  Res  __EOP
 1036:0BB2  Res  __EERROR
 1036:0C14  Res  __ENOALIAS
 1036:0CC0  Res  __ENOVAR
 1036:0D30  Res  __EERRORP
 1036:0E44  Res  __EARG
 1036:0E60  Res  __ENOTABLE
 1036:0EDA  Res  __ENOFUNC
 1036:0F50  Res  __EREGNFHANDLER
 1036:0F7A  Res  __ENOMETHOD
 1036:1028  Res  __EPSTACK
 1036:103E  Res  ERRORBLOCK
 1036:109E  Res  DOSERROR
 1036:10C6  Res  __ESETDOSERROR
 1036:10D2  Res  NETERR
 1036:1108  Res  __ESETNETERR
 1036:1118  Res  __ECLASSNA
 1148:0006  Res  __SEQREG
 1148:009E  Res  __IBEGINSEQ
 1148:0140  Res  __IENDSEQ
 1148:017C  Res  __IBREAKCONT
 1148:01DE  Res  __END_SEQ
 1166:0258  Res  __CYCLEF
 1166:04EC  Res  __XALLOC
 1166:0586  Res  __XFREE
 1166:0610  Res  __XGRAB
 1166:0640  Res  __ALLOCF
 1166:0682  Res  __FREEF
 11CF:0764  Res  __VMADD
 11CF:0B82  Res  __VMPREALLOC
 11CF:1452  Res  __VMDISCARD
 11CF:1510  Res  __VMFREE
 11CF:1532  Res  __VMPTR
 11CF:1590  Res  __VMDIRTYPTR
 11CF:15EE  Res  __VMTWO
 11CF:16FE  Res  __VMALLOCF
 11CF:1734  Res  __VMALLOC
 11CF:176A  Res  __VMALLOCD
 11CF:17A6  Res  __VMALLOCO
 11CF:17E6  Res  __VMXFR
 11CF:1B56  Res  __VMFIX
 11CF:1C4A  Res  __VMLOCKOVL
 11CF:1D96  Res  __VMUNLOCKOVL
 11CF:1DA4  Res  __VMPENDINGOVL
 11CF:1DB2  Res  __VMUNLOCK
 11CF:1DC0  Res  __VMLOCK
 11CF:1E62  Res  __VMLOCKSEG
 11CF:1ED0  Res  __VMSIZE
 11CF:1EE0  Res  __VMREALLOC
 11CF:2044  Res  __VMXCHG
 11CF:20D8  Res  __VMSTAT
 11CF:21E4  Res  __VMSTATN
 11CF:2226  Res  __VMSTATE
 11CF:2254  Res  __V16
 11CF:231C  Res  __V32
 11CF:249A  Res  __MEM_RESUME
 11CF:24B6  Res  __MEM_SUSPEND
 11CF:2576  Res  __MEM_EXIT
 11CF:267E  Res  _DSNORMAL
 11CF:2698  Res  __EFAULT
 11CF:2894  Res  __MEM_INIT2
 11CF:28C8  Res  __MEM_INIT
 1499:0002  Res  __KMAPSCAN
 1499:0131  Res  __KMAPSET
 1499:0188  Res  __KMAPCLEAR
 14B7:0000  Res  __MEMSUBFREE
 14B7:0014  Res  __MEMSUBALLOC
 14B7:00A5  Res  __MEMSUBALLOCFIRST
 14B7:00B7  Res  __MEMSUBINFO
 14B7:0131  Res  __MEMSUBAVAIL
 14B7:0140  Res  __MEMSUBMAX
 14B7:0151  Res  __MEMSUBEXTENT
 14B7:0165  Res  __MEMSUBEMPTY
 14B7:017C  Res  __MEMSUBREINIT
 14B7:01C9  Res  __MEMSUBINIT
 14B7:0202  Res  __MEMSUBNEXT
 14B7:0247  Res  __MEMSUBCHECK
 14DB:000C  Res  __OSALLOCDEFSEG
 14DB:0036  Res  __OSAVAIL
 14DB:0046  Res  __OSALLOC
 14DB:005A  Res  __OSSIZE
 14E2:0002  Res  __OSSTACKBASE
 14E2:0006  Res  __PLANK_INIT
 14E2:0033  Res  __TPLANK
 14E2:006C  Res  _ERRORBUILD
 14E2:00D9  Res  _ERRORCYCLE
 14E2:0139  Res  __PLANKTON
 14E2:01C5  Res  __SPLANKTON
 14E2:01E4  Res  __DPLANKTON
 14E2:040B  Res  _DBGENTRY
 14E2:0429  Res  _DBGEXIT
 14E2:0447  Res  __NOCODE
 14E2:044F  Res  __DYNBADNEWS
 14E2:045A  Res  __0ERR
 14E2:0464  Res  __0ENDPROC
 14E2:0477  Res  __0NOP
 14E2:047A  Res  __0LINE
 14E2:04BB  Res  __0EVENTS
 14E2:04CF  Res  __0JMP
 14E2:04D6  Res  __0JF
 14E2:04F4  Res  __0JFPT
 14E2:0515  Res  __0JT
 14E2:0533  Res  __0JTPF
 14E2:0554  Res  __0JDBG
 14E2:0574  Res  __0UNDEF
 14E2:057C  Res  __0TRUE
 14E2:058B  Res  __0FALSE
 14E2:0598  Res  __0NULL
 14E2:05B1  Res  __0ZER0
 14E2:05C6  Res  __0ONE1
 14E2:05DD  Res  __0PUSHW
 14E2:05F2  Res  __0PUSHI
 14E2:060A  Res  __0PUSHN
 14E2:0634  Res  __0PUSHC
 14E2:065C  Res  __0PUSHBL
 14E2:068E  Res  __0ZZBLOCK
 14E2:06A0  Res  __0DO
 14E2:078F  Res  __DDO
 14E2:088B  Res  __XDO
 14E2:08AD  Res  __0FUNC
 14E2:09BE  Res  __0XBLOCK
 14E2:0A36  Res  __XEVAL
 14E2:0B02  Res  __0SEND
 14E2:0BF3  Res  __0CALL
 14E2:0CD8  Res  __0PCOUNT
 14E2:0CF0  Res  __0FRAME
 14E2:0D39  Res  __0SINIT
 14E2:0D61  Res  __0SFRAME
 14E2:0D81  Res  __0PUBLICS
 14E2:0D9A  Res  __0PRIVATES
 14E2:0DB3  Res  __0PARAMS
 14E2:0DCC  Res  __0ARRAYATI
 14E2:0DF3  Res  __0ARRAYAT
 14E2:0E5F  Res  __0ARRAYPUTI
 14E2:0E86  Res  __0ARRAYPUT
 14E2:0EF2  Res  __0MAKEA
 14E2:0F0B  Res  __0MAKELA
 14E2:0F24  Res  __0PUSHL
 14E2:0F69  Res  __0POPL
 14E2:0FB7  Res  __0PUSHLR
 14E2:0FD0  Res  __0PUSHFL
 14E2:1018  Res  __0POPFL
 14E2:1060  Res  __0PUSHFLR
 14E2:108A  Res  __0PUSHS
 14E2:10A1  Res  __0POPS
 14E2:10B8  Res  __0PUSHSR
 14E2:10D1  Res  __0PUSHM
 14E2:10F9  Res  __0MPUSHM
 14E2:1117  Res  __0POPM
 14E2:113F  Res  __0MPOPM
 14E2:115D  Res  __0PUSHMR
 14E2:1185  Res  __0MPUSHMR
 14E2:11A3  Res  __0PUSHF
 14E2:11CB  Res  __0MPUSHF
 14E2:11E9  Res  __0POPF
 14E2:1211  Res  __0MPOPF
 14E2:122F  Res  __0PUSHQF
 14E2:1257  Res  __0MPUSHQF
 14E2:1275  Res  __0POPQF
 14E2:129D  Res  __0MPOPQF
 14E2:12BB  Res  __0PUSHV
 14E2:12E3  Res  __0MPUSHV
 14E2:1301  Res  __0PUSHRV
 14E2:131F  Res  __0SAVE_RET
 14E2:1326  Res  __0DOOP
 14E2:132C  Res  __0QSELF
 14E2:1336  Res  __0POP
 14E2:133C  Res  __0PUSHA
 14E2:1395  Res  __0MPUSHA
 14E2:13B7  Res  __0PUSHP
 14E2:13BA  Res  __0MPUSHP
 14E2:13BD  Res  __0SYMBOL
 14E2:13E1  Res  __0SYMF
 14E2:140A  Res  __0MSYMBOL
 14E2:1420  Res  __0MSYMF
 14E2:143B  Res  __0BEGIN_SEQ
 14E2:1462  Res  __0BREAK
 14E2:1469  Res  __0END_SEQ
 14E2:147C  Res  _COERCENUMS
 14E2:14F3  Res  _COERCEDNUMS
 14E2:15A3  Res  __0JNEI
 14E2:15E3  Res  __0JISW
 14E2:1623  Res  __XEQ
 14E2:1650  Res  __0EEQ
 14E2:1759  Res  __0EQ
 14E2:1822  Res  __0NE
 14E2:18EE  Res  __0LT
 14E2:19AA  Res  __XLT
 14E2:19DF  Res  __0LE
 14E2:1A9B  Res  __0GT
 14E2:1B57  Res  __0GE
 14E2:1C13  Res  __0NOT
 14E2:1C27  Res  __0AND
 14E2:1C44  Res  __0OR
 14E2:1C61  Res  __0NEGATE
 14E2:1CC0  Res  __0ABS
 14E2:1D29  Res  __0PLUS
 14E2:1EA2  Res  __0MINUS
 14E2:1F81  Res  __0MULT
 14E2:2003  Res  __0DIVIDE
 14E2:209E  Res  __0DEC
 14E2:2101  Res  __0INC
 16F8:0004  Res  __INSTD_
 16FA:006A  Res  __COUTSTD
 16FA:008C  Res  __COUTERR
 16FA:00AE  Res  __ERRMSG
 16FA:00C0  Res  __ERRMSGN
 16FA:013A  Res  ALERT
 16FA:051C  Res  __NONOALER
 16FA:0524  Res  OUTSTD
 16FA:0590  Res  OUTERR
 16FA:05FC  Res  __OUTINI
 175E:00BE  Res  __GTWCREATE
 175E:0120  Res  __GTWDESTROY
 175E:0174  Res  __GTWFLASH
 175E:0254  Res  __GTWAPP
 175E:0268  Res  __GTWCURRENT
 175E:037A  Res  __GTWPOS
 175E:03AC  Res  __GTWVIS
 175E:04FC  Res  __GTMODALREAD
 175E:0F1E  Res  __GTSLR
 175E:0F90  Res  DISPBEGIN
 175E:0F96  Res  DISPEND
 175E:0F9C  Res  DISPCOUNT
 175E:0FBE  Res  __GTSCRDIM
 175E:0FD8  Res  __GTISCOLOR
 175E:0FE8  Res  __GTMAXROW
 175E:0FF2  Res  __GTMAXCOL
 175E:0FFC  Res  __GTSETCURSOR
 175E:101C  Res  __GTGETCURSOR
 175E:1032  Res  __GTSETPOS
 175E:1054  Res  __GTGETPOS
 175E:1078  Res  __GTSETCOLOR
 175E:10A8  Res  __GTGETCOLOR
 175E:10CC  Res  __GTSETBORDER
 175E:112C  Res  __GTBEGINWRITE
 175E:12F8  Res  __GTENDWRITE
 175E:13F4  Res  __GTSCROLL
 175E:147A  Res  __GTWRITEAT
 175E:14E4  Res  __GTWRITE
 175E:1510  Res  __GTWRITECON
 175E:16AA  Res  __GTREPCHAR
 175E:16FC  Res  __GTRECTSIZE
 175E:1740  Res  __GTSAVE
 175E:179A  Res  __GTREST
 175E:17F4  Res  __GTBOX
 175E:1862  Res  __GTBOXS
 175E:1880  Res  __GTBOXD
 175E:189E  Res  __GTSETSNOWFLAG
 175E:18D6  Res  __GTSETBLINK
 175E:18F6  Res  __GTFLUSHCURSOR
 175E:190A  Res  __GTPREEXT
 175E:193C  Res  __GTPOSTEXT
 175E:19A6  Res  __GTSETMODE
 175E:19FA  Res  __GTDISPCOUNT
 175E:1A12  Res  __GTDISPBEGIN
 175E:1A36  Res  __GTDISPEND
 1902:0006  Res  __TCVT
 191B:0008  Res  _CPARSE
 191B:0252  Res  _SPARSE
 191B:0358  Res  __XSETCOLOR
 191B:05E0  Res  SETCOLOR
 191B:05FA  Res  SETBLINK
 191B:0700  Res  COLORSELEC
 198D:000A  Res  __XPARAMERROR
 198D:0024  Res  __XNOTABLEERROR
 198D:003A  Res  __XSELECT
 198D:00CC  Res  __STRIMTOUPPER
 19A1:0002  Res  FCREATE
 19A1:0072  Res  FOPEN
 19A1:010A  Res  FCLOSE
 19A1:014C  Res  FREAD
 19A1:0230  Res  FREADSTR
 19A1:02DC  Res  FWRITE
 19A1:0378  Res  FSEEK
 19A1:044C  Res  FERASE
 19A1:048E  Res  FRENAME
 19A1:04EA  Res  FERROR
 19F0:0008  Res  __EMMALLOCPAGES
 19F1:000E  Res  __EMMCONTEXTSAVE
 19F1:001E  Res  __EMMCONTEXTREST
 19F3:000E  Res  __EMMGETUNALLOCPAGECOUNT
 19F3:0023  Res  __EMMGETALLOCPAGECOUNT
 19F3:0038  Res  __EMMGETTOTALPAGECOUNT
 19F7:000C  Res  __EMMDEALLOCPAGES
 19F8:0014  Res  __EMMINSTALLED
 19FB:000C  Res  __EMMMAPUNMAPPAGE
 19FD:0006  Res  __EMMGETPAGEFRAMESEG
 19FF:0000  Res  __EMMGETVERSION
 1A00:0008  Res  __EXACTCMP
 1A10:0106  Res  _NATSORTVE
 1A10:0135  Res  __NATRDDVER
 1A10:0147  Res  __NLEXID
 1A10:01B1  Res  __NSCANID
 1A10:022F  Res  __UPCASE
 1A10:0242  Res  __LOCASE
 1A10:0255  Res  __CH_TYPE
 1A10:02BE  Res  __NCOPYUC
 1A10:02DD  Res  __NCOPYLC
 1A10:02FC  Res  __NTRIMLEN
 1A10:031D  Res  __NPREVI
 1A10:0330  Res  __NNEXTI
 1A10:0347  Res  __NGET
 1A10:035C  Res  __NPUT
 1A10:0371  Res  __TCMP
 1A10:0399  Res  __DCMP
 1A10:03BA  Res  __XCMP
 1A10:03D4  Res  __SCANW
 1A10:0408  Res  __SCANN
 1A10:0456  Res  __NODE_SEARCH
 1A10:04B0  Res  __S_ORDER
 1A10:05B1  Res  _NATMSGVER
 1A10:05CA  Res  ISNEGATIVE
 1A10:0617  Res  ISAFFIRM
 1A10:0664  Res  NATIONMSG
 1A10:06A7  Res  __DAY_NAME
 1A10:06BF  Res  __MONTH_NAME
 1A10:06D7  Res  __YNSTR
 1A10:06E9  Res  __NATMSGVER
 1A10:06FB  Res  __ERRORDESC
 1A10:0753  Res  __NVERSION
 1A10:07B9  Res  _CLIPINTL
 1A8C:000C  Res  _SETLASTTRAN
 1A8C:001E  Res  __DBGTERMX
 1A8C:0238  Res  __INKEY0
 1A8C:025A  Res  _NOW
 1A8C:02AC  Res  __INKEY1
 1A8C:03AE  Res  NEXTKEY
 1A8C:041E  Res  LASTKEY
 1A8C:04C8  Res  __KEYBOARD
 1A8C:0616  Res  SETKEY
 1A8C:06EC  Res  __MODAL_KEY
 1A8C:0812  Res  __PCOL
 1A8C:0822  Res  __PROW
 1A8C:0832  Res  SETPRC
 1A8C:0AE8  Res  __EJECT
 1A8C:0C50  Res  __CQOUT
 1A8C:0C76  Res  QQOUT
 1A8C:0D3C  Res  QOUT
 1A8C:0D52  Res  __XSETCURSOR
 1A8C:0D90  Res  __SETPOS
 1A8C:0DDE  Res  __SETPOSBS
 1A8C:0E16  Res  DISPOUT
 1A8C:0EF0  Res  __DEVPOS
 1A8C:0F78  Res  DEVOUT
 1A8C:1078  Res  __ROW
 1A8C:10A2  Res  __COL
 1A8C:1422  Res  __XHELP
 1A8C:1560  Res  __TERMSLR
 1A8C:1610  Res  __PRINTOUT
 1A8C:1636  Res  __CONOUT
 1C02:0004  Res  __BEEP_
 1D85:0000  Res  MEMORY
 1D98:0004  Res  __DYN_INIT
 1D98:000F  Res  __DYN_RELEASE
 1D98:0016  Res  __DYN_GETNBRPAGES
 1D98:004E  Res  __DYN_GETPAGE
 1D98:00B3  Res  __DYN_FNAME
 1DAB:053A  Res  __DYNX_READ
 1DAB:0684  Res  __DYNXSLR
 1E1C:0360  Res  __XPAGE_READ
 1E1C:041C  Res  __XPAGE_UPDATE
 1E1C:04DA  Res  __PAGE_UNLOCK
 1E1C:054A  Res  __PAGE_READLOCK
 1E1C:065E  Res  __PAGE_READ
 1E1C:072C  Res  __PAGE_UPDATE
 1E1C:07FC  Res  __PAGE_WRITE
 1E1C:0846  Res  __PAGE_FLUSH
 1E1C:0894  Res  __PAGE_CLEAR
 1E1C:08DA  Res  __PAGE_APPEND
 1E1C:0B66  Res  __DISKIOSLR
 1ED9:000A  Pag  2LIST
 1ED9:0011  Pag  DUMMY
 1ED9:0018  Pag  DOSFNAME
 1ED9:001F  Pag  DOSFSIZE
 1ED9:0026  Pag  DOSFCLUST
 1ED9:002D  Pag  DOSFDATE
 1ED9:0034  Pag  DOSFTIME
 1ED9:003B  Pag  DOSFATTR
 1ED9:0042  Pag  NAMEVALID
 1ED9:0049  Pag  HELP
 1ED9:0050  Pag  BOOTSECT
 1ED9:0057  Pag  DIRINFO
 1ED9:005E  Pag  CLST2SECT
 1ED9:0065  Pag  DOSFSECT
 1ED9:006C  Pag  FT_BYT2HEX
 1ED9:0073  Pag  FT_ISBIT
 1ED9:0081  Pag  SYSINIT
 1ED9:0088  Pag  ERRORSYS
 1ED9:009D  Pag  __SETHELPK
 1ED9:00A4  Pag  BLICALC50
 1ED9:00AB  Pag  BLIMEMAVL
 1ED9:00B2  Pag  BLIMEMMAX
 1ED9:00B9  Pag  BLPRFPRG
 1ED9:00C0  Pag  BLERRC50
 1EE7:000A  Ovl  CURDIR
 1EE7:0010  Ovl  ISPRINTER
 1EE7:0016  Ovl  TONE
 1EE7:001C  Ovl  I2BIN
 1EE7:0022  Ovl  BIN2I
 1EE7:0028  Ovl  L2BIN
 1EE7:002E  Ovl  BIN2L
 1EE7:0034  Ovl  BIN2W
 1EE7:003A  Ovl  ALLTRIM
 1EE7:0040  Ovl  RIGHT
 1EE7:0046  Ovl  PADL
 1EE7:004C  Ovl  PADR
 1EED:0206  Res  _BLIDEMCAL
 1EED:020D  Res  _BLIDEMDTE
 1EED:0266  Res  _BLIDEMMIN
 1EED:026D  Res  _BLIERRNUM
 1EED:0272  Res  _BLIERRPRM
 1EED:027C  Res  _BLIOVLOPS
 1EED:0286  Res  _BLIOVLRES
 1EED:02C1  Res  _BLIOVLSIZ
 1EED:02CB  Res  _BLIOVLSUS
 1EED:0306  Res  $$VMREINIT
 1EED:0306  Res  _BLIREINIT
 1EED:0338  Res  _BLISERNUM
 1EED:033E  Res  $$VMUNHOOK
 1EED:033E  Res  _BLIUNHOOK
 1EED:0382  Res  _BLIVERNUM
 1EED:073A  Res  $$$OVLEND
 1EED:08F3  Res  $$$OVLDEF
 1EED:100C  Res  _BLITOTACT
 1EED:101C  Res  _BLITOTLOD
 1EED:103A  Res  _BLITOTSIZ
 1EED:21AC  Res  $$$OVLERR
 1EED:21BE  Res  $$$OVLINI
 1EED:23E0  Res  $$$OVLCLP
 1EED:2400  Res  BLICALNUM
 1EED:2409  Res  BLIDEMCAL
 1EED:2414  Res  BLIDEMDTE
 1EED:241C  Res  BLIDEMMIN
 1EED:2427  Res  BLIERRNUM
 1EED:242F  Res  BLIERRPRM
 1EED:2437  Res  BLIMEMPAK
 1EED:2455  Res  BLIOVLCLR
 1EED:246C  Res  BLIOVLOPS
 1EED:2474  Res  BLIOVLRES
 1EED:247A  Res  BLIOVLSIZ
 1EED:2482  Res  BLIOVLSUS
 1EED:248B  Res  BLIREINIT
 1EED:2491  Res  BLISERNUM
 1EED:2499  Res  BLIUNHOOK
 1EED:249F  Res  BLIVERNUM
 1EED:2590  Res  $$$OVLPRM
 1EED:2807  Res  $$$OVLDAT
 1EED:28A2  Res  $$$OVLPRC
 1EED:295B  Res  $$$KRNSEG
 2282:0000  Res  __WEEDBED
 22FB:0000  Res  __WEEDEND
 2323:0042  Res  __ASIZDS
 2323:0044  Res  __ATOPSP
 2323:0046  Res  __AEXIT_RTN
 2323:0048  Res  __ABRKTB
 2323:0098  Res  __ABRKTBE
 2323:0098  Res  __ABRKP
 2323:009A  Res  __ACFINFO
 2323:00A7  Res  __AINTDIV
 2323:00AB  Res  __FAC
 2323:00B3  Res  _ERRNO
 2323:00B5  Res  __UMASKVAL
 2323:00B7  Res  __PSPADR
 2323:00B9  Res  __PSP
 2323:00BB  Res  __DOSVERMAJOR
 2323:00BB  Res  __OSMAJOR
 2323:00BB  Res  __OSVERSION
 2323:00BC  Res  __DOSVERMINOR
 2323:00BC  Res  __OSMINOR
 2323:00BD  Res  __OSMODE
 2323:00BE  Res  __DOSERRNO
 2323:00BE  Res  __OSERR
 2323:00C0  Res  __NFILE
 2323:00C2  Res  __OSFILE
 2323:00D6  Res  ___ARGC
 2323:00D8  Res  ___ARGV
 2323:00DC  Res  _ENVIRON
 2323:00E0  Res  __PGMPTR
 2323:00E6  Res  __CHILD
 2323:00E8  Res  __OVLFLAG
 2323:00E9  Res  __INTNO
 2323:00EA  Res  __OVLVEC
 2323:00EE  Res  __ADBGMSG
 2323:010A  Res  _HUGE
 2323:0112  Res  __MATHERR_FLAG
 2323:0114  Res  OPTAB
 2323:013A  Res  __FCSP
 2323:013C  Res  __FPSIGADR
 2323:0140  Res  __FCTMP
 2323:02AA  Res  __FCTOPST
 2323:02BE  Res  $I8_RESULT
 2323:02BE  Res  $I4_RESULT
 2323:02F6  Res  $I4_ROUND_FLAG
 2323:02F7  Res  $I4_ROUND_EXP
 2323:02F9  Res  $I4_AC_HI
 2323:02FD  Res  $I4_AC_LO
 2323:030E  Res  $I8_ROUND_FLAG
 2323:030F  Res  $I8_ROUND_EXP
 2323:0311  Res  $I8_AC_HI
 2323:0319  Res  $I8_AC_LO
 2323:03AA  Res  $I8_HALF
 2323:03B2  Res  $I8_ONE
 2323:03BA  Res  $I8_TWO
 2323:03C2  Res  $I8_ARG
 2323:03CA  Res  $I8_TEMP
 2323:03EB  Res  $I8_LOG_HI
 2323:03F3  Res  $I8_LOG_LO
 2323:0460  Res  $I8_Z
 2323:0468  Res  $I8_ZZ
 2323:0470  Res  $I8_PZZ
 2323:0488  Res  $I8_INPUT_WS
 2323:0489  Res  $I8_IMPLICIT_EXP
 2323:04FE  Res  __SFIELDS
 2323:0502  Res  __SFCOUNT
 2323:0504  Res  __SLBASE
 2323:0508  Res  __SRBASE
 2323:050C  Res  __SRSIZE
 2323:0514  Res  __TERROR
 2323:0516  Res  __HORROR
 2323:0518  Res  __TVERSION
 2323:051A  Res  __TXERROR
 2323:051C  Res  __TXCLASS
 2323:051E  Res  __TXACTION
 2323:0520  Res  __TXLOCUS
 2323:06E0  Res  __MSCONFLICT1
 2323:06E0  Res  __CFLTCVT_TAB
 2323:0770  Res  __XARGC
 2323:0772  Res  __XARGV
 2323:07E4  Res  C50R100
 2323:07E6  Res  CLIPPER520
 2323:08DE  Res  __EVKBDENTRY
 2323:0908  Res  _DMOD_TABLE
 2323:0932  Res  __OGEN0
 2323:09CE  Res  __OGEN1
 2323:0A6A  Res  __OGEN
 2323:0A6E  Res  __OBOUNDS
 2323:0A76  Res  __OPF
 2323:0A78  Res  __OPX
 2323:0ABA  Res  __XLOCK
 2323:0ABC  Res  __XGRIP1
 2323:0ABE  Res  __XGRIP2
 2323:0AC0  Res  __XGRIP3
 2323:0AC2  Res  __XSEGMIN
 2323:0AC4  Res  __XSAFE
 2323:0AFC  Res  __SYMEVAL
 2323:0B04  Res  __IBPUSHTRAN
 2323:0B08  Res  __IBEVALTRAN
 2323:0B0C  Res  __EVAL
 2323:0B0E  Res  __TOS
 2323:0B10  Res  __EVALHIGH
 2323:0B12  Res  __ESTATLOW
 2323:0B14  Res  __ESTAT
 2323:0B16  Res  __EEXTENT
 2323:0B18  Res  __LBASE
 2323:0B1A  Res  __FBASE
 2323:0B1C  Res  __SBASE
 2323:0B1E  Res  __PCOUNT
 2323:0B20  Res  __FZZCOUNT
 2323:0B24  Res  __LINE_NUM
 2323:0B26  Res  __XLINE
 2323:0B28  Res  __SYSFLAGS
 2323:0B32  Res  __MSTACK
 2323:0B36  Res  __MLINK
 2323:0B3A  Res  __MCOUNT
 2323:0B3C  Res  __MTOP
 2323:0B3E  Res  __MBP
 2323:0B40  Res  __PTOP
 2323:0C42  Res  __SET
 2323:0CBE  Res  __SETHANDLER
 2323:0E1E  Res  __ERRORDICT
 2323:0E2A  Res  __SALT
 2323:0E2C  Res  __NETERR
 2323:0FB8  Res  __FSEGS
 2323:0FBC  Res  __LONESEGS
 2323:0FCA  Res  __OSEGS
 2323:1C0C  Res  __STACKBASE
 2323:1C0E  Res  __STACKSLOP
 2323:1C98  Res  _PRESERVE1
 2323:1C9C  Res  _PRESERVE2
 2323:1CA0  Res  _OVERLAYTOP
 2323:1CA2  Res  _OVERLAYLINE
 2323:1CA4  Res  _OVERLAYLEVEL
 2323:1CA6  Res  __MEMCOUNT
 2323:1CA8  Res  __DISKIODROP
 2323:1CAC  Res  _SWAPLOWEVENTID
 2323:1CAE  Res  _RECEIVERHANDLE
 2323:1E04  Res  __PFVERSION
 2323:1E06  Res  __PFLOCK
 2323:1E08  Res  __DYN_GETPP
 2323:1E0C  Res  __DBGCOMM
 2323:1F62  Res  __PREEXTP
 2323:1F66  Res  __POSTEXTP
 2323:1F6A  Res  __ALERTP
 2323:20DA  Res  __TCSTR
 2323:20DE  Res  __TCLEN
 2323:214A  Res  __COLORCOUNT
 2323:214C  Res  __COLORS
 2323:21B8  Res  __SELECTION
 2323:21BE  Res  __WORKAREAS
 2323:21CE  Res  __NASCII
 2323:21D0  Res  __NDBCS
 2323:28AA  Res  __NBUFF
 2323:29E4  Res  _VDISPLAY
 2323:2B42  Res  _VKEYBOARD
 2323:2C06  Res  __DYN_USED
 2323:2C66  Res  __PAGE_ERROR
 2323:2C68  Res  __PAGE_GOT
 2323:2C7E  Res  ___SYMPB
 2323:2C8E  Res  ___SYMPE
 2323:2C90  Res  __FPINIT
 2323:2CAC  Res  __DYNINA
 2323:2CD0  Res  __LTABLE
 2323:2CD0  Res  _VOPS
 2323:2FE4  Res  __EDATA
 2323:2FE4  Res  _EDATA
 2323:3080  Res  __END
 2323:3080  Res  _END

 Program entry point at 1EED:0000
